// Jest Snapshot v1, https://goo.gl/fbAQLP

exports[`Mission component should match snapshot 1`] = `
<div
  className="table-container"
>
  <table
    className="mission-table"
  >
    <thead>
      <tr>
        <th>
          Missions
        </th>
        <th>
          Descriptions
        </th>
        <th
          className="status"
        >
          Status
        </th>
        <th
          className="status"
        >
          Action
        </th>
      </tr>
    </thead>
    <tbody />
  </table>
</div>
`;
